Godot Engine v4.7.2.stable.official.ed1daf0bf - https://godotengine.org

[   0% ] [90m[1mfirst_scan_filesystem[22m | Started Inicialização do Projeto (5 steps)[39m[0m
[   0% ] [90m[1mfirst_scan_filesystem[22m | Escaneando estrutura de arquivos...[39m[0m
[  16% ] [90m[1mfirst_scan_filesystem[22m | Carregando nomes de classe globais...[39m[0m
[  33% ] [90m[1mfirst_scan_filesystem[22m | Verificando GDExtensions...[39m[0m
[  50% ] [90m[1mfirst_scan_filesystem[22m | Criando scripts autoload...[39m[0m
[  66% ] [90m[1mfirst_scan_filesystem[22m | Inicializando plugins...[39m[0m
[  83% ] [90m[1mfirst_scan_filesystem[22m | Iniciando escaneamento de arquivos...[39m[0m
[92m[ DONE ][39m [1mfirst_scan_filesystem[22m
[0m
[   0% ] [90m[1m_update_scan_actions[22m | Started Escaneando ações... (7 steps)[39m[0m
[   0% ] [90m[1m_update_scan_actions[22m | pow_bar.png[39m[0m
[  12% ] [90m[1m_update_scan_actions[22m | pet_egg.png[39m[0m
[  25% ] [90m[1m_update_scan_actions[22m | catalog.png[39m[0m
[  37% ] [90m[1m_update_scan_actions[22m | catalog_1.png[39m[0m
[  50% ] [90m[1m_update_scan_actions[22m | catalog_2.png[39m[0m
[  62% ] [90m[1m_update_scan_actions[22m | catalog_3.png[39m[0m
[  75% ] [90m[1m_update_scan_actions[22m | catalog_4.png[39m[0m
[92m[ DONE ][39m [1m_update_scan_actions[22m
[0m
[   0% ] [90m[1mreimport[22m | Started (Re)Importando Recursos (5 steps)[39m[0m
[   0% ] [90m[1mreimport[22m | Preparando arquivos para reimportação...[39m[0m
[  16% ] [90m[1mreimport[22m | Preparando arquivos para reimportação...[39m[0m
[  33% ] [90m[1mreimport[22m | Preparando arquivos para reimportação...[39m[0m
[  50% ] [90m[1mreimport[22m | Preparando arquivos para reimportação...[39m[0m
[  66% ] [90m[1mreimport[22m | Preparando arquivos para reimportação...[39m[0m
[   0% ] [90m[1mreimport[22m | Executando operações pré-reimportação...[39m[0m
[   0% ] [90m[1mreimport[22m | pow_bar.png[39m[0m
[  16% ] [90m[1mreimport[22m | pet_egg.png[39m[0m
[  33% ] [90m[1mreimport[22m | catalog.png[39m[0m
[  50% ] [90m[1mreimport[22m | catalog_1.png[39m[0m
[  66% ] [90m[1mreimport[22m | catalog_4.png[39m[0m
[  83% ] [90m[1mreimport[22m | Finalizando Importação de Recursos...[39m[0m
[92m[ DONE ][39m [1mreimport[22m
[0m
[   0% ] [90m[1mreimport[22m | Started (Re)Importando Recursos (5 steps)[39m[0m
[   0% ] [90m[1mreimport[22m | Executando operações pós-reimportação...[39m[0m
[92m[ DONE ][39m [1mreimport[22m
[0m
[   0% ] [90m[1mloading_editor_layout[22m | Started Carregando editor (5 steps)[39m[0m
[   0% ] [90m[1mloading_editor_layout[22m | Carregando layout do editor...[39m[0m
[  16% ] [90m[1mloading_editor_layout[22m | Carregando abas...[39m[0m
[  33% ] [90m[1mloading_editor_layout[22m | Reabrindo cenas...[39m[0m
[  50% ] [90m[1mloading_editor_layout[22m | Carregando layout do editor central...[39m[0m
[  66% ] [90m[1mloading_editor_layout[22m | Carregando layout da janela de plugins...[39m[0m
[  83% ] [90m[1mloading_editor_layout[22m | Layout do editor pronto.[39m[0m
[92m[ DONE ][39m [1mloading_editor_layout[22m
[0m
